// Jest Snapshot v1, https://goo.gl/fbAQLP

exports[`Map correct renders 1`] = `
<div
  id="map"
/>
`;
