// Jest Snapshot v1, https://goo.gl/fbAQLP

exports[`ReviewListComponent correct renders 1`] = `null`;
