// Jest Snapshot v1, https://goo.gl/fbAQLP

exports[`BookmarkComponent correct renders 1`] = `
<button
  className="place-card__bookmark-button button"
  onClick={[Function]}
  title="add to favorites"
  type="button"
>
  <svg
    className="property__bookmark-icon"
    height={19}
    viewBox="0 0 17 18"
    width={18}
    xmlns="http://www.w3.org/2000/svg"
  >
    <path
      d="M3.993 2.185l.017-.092V2c0-.554.449-1 .99-1h10c.522 0 .957.41.997.923l-2.736 14.59-4.814-2.407-.39-.195-.408.153L1.31 16.44 3.993 2.185z"
    />
  </svg>
  <span
    className="visually-hidden"
  >
    To bookmarks
  </span>
</button>
`;
