// Jest Snapshot v1, https://goo.gl/fbAQLP

exports[`PlacesListComponent correct renders 1`] = `null`;
