// Jest Snapshot v1, https://goo.gl/fbAQLP

exports[`ReviewItemComponent correct renders 1`] = `
Array [
  <div
    className="reviews__user user"
  >
    <div
      className="reviews__avatar-wrapper user__avatar-wrapper"
    >
      <img
        alt="Reviews avatar"
        className="reviews__avatar user__avatar"
        height="54"
        width="54"
      />
    </div>
    <span
      className="reviews__user-name"
    >
      user
    </span>
  </div>,
  <div
    className="reviews__info"
  >
    <div
      className="reviews__rating rating"
    >
      <div
        className="reviews__stars rating__stars"
      >
        <span
          style={
            Object {
              "width": "80%",
            }
          }
        />
        <span
          className="visually-hidden"
        >
          Rating
        </span>
      </div>
    </div>
    <p
      className="reviews__text"
    >
      very good
    </p>
    <time
      className="reviews__time"
    >
      Invalid Date
    </time>
  </div>,
]
`;
